---
source: crates/e2e/tests/evaluation_failures.rs
description: let fun = (let one = 1 in fn param -> one + param + external) in let external = 2 in fun 3
expression: ast
---
Expr(
    Spanned {
        span: Span {
            start: 0,
            end: 90,
        },
        value: Assign(
            Assign {
                name: Name(
                    "fun",
                ),
                value: Expr(
                    Spanned {
                        span: Span {
                            start: 11,
                            end: 60,
                        },
                        value: Assign(
                            Assign {
                                name: Name(
                                    "one",
                                ),
                                value: Expr(
                                    Spanned {
                                        span: Span {
                                            start: 21,
                                            end: 22,
                                        },
                                        value: Primitive(
                                            Integer(
                                                Small(
                                                    1,
                                                ),
                                            ),
                                        ),
                                    },
                                ),
                                inner: Expr(
                                    Spanned {
                                        span: Span {
                                            start: 26,
                                            end: 60,
                                        },
                                        value: Function(
                                            Function {
                                                parameter: Name(
                                                    "param",
                                                ),
                                                body: Expr(
                                                    Spanned {
                                                        span: Span {
                                                            start: 38,
                                                            end: 60,
                                                        },
                                                        value: Apply(
                                                            Apply {
                                                                function: Expr(
                                                                    Spanned {
                                                                        span: Span {
                                                                            start: 38,
                                                                            end: 60,
                                                                        },
                                                                        value: Apply(
                                                                            Apply {
                                                                                function: Expr(
                                                                                    Spanned {
                                                                                        span: Span {
                                                                                            start: 38,
                                                                                            end: 60,
                                                                                        },
                                                                                        value: Identifier(
                                                                                            Operator(
                                                                                                "+",
                                                                                            ),
                                                                                        ),
                                                                                    },
                                                                                ),
                                                                                argument: Expr(
                                                                                    Spanned {
                                                                                        span: Span {
                                                                                            start: 38,
                                                                                            end: 49,
                                                                                        },
                                                                                        value: Apply(
                                                                                            Apply {
                                                                                                function: Expr(
                                                                                                    Spanned {
                                                                                                        span: Span {
                                                                                                            start: 38,
                                                                                                            end: 49,
                                                                                                        },
                                                                                                        value: Apply(
                                                                                                            Apply {
                                                                                                                function: Expr(
                                                                                                                    Spanned {
                                                                                                                        span: Span {
                                                                                                                            start: 38,
                                                                                                                            end: 49,
                                                                                                                        },
                                                                                                                        value: Identifier(
                                                                                                                            Operator(
                                                                                                                                "+",
                                                                                                                            ),
                                                                                                                        ),
                                                                                                                    },
                                                                                                                ),
                                                                                                                argument: Expr(
                                                                                                                    Spanned {
                                                                                                                        span: Span {
                                                                                                                            start: 38,
                                                                                                                            end: 41,
                                                                                                                        },
                                                                                                                        value: Identifier(
                                                                                                                            Name(
                                                                                                                                "one",
                                                                                                                            ),
                                                                                                                        ),
                                                                                                                    },
                                                                                                                ),
                                                                                                            },
                                                                                                        ),
                                                                                                    },
                                                                                                ),
                                                                                                argument: Expr(
                                                                                                    Spanned {
                                                                                                        span: Span {
                                                                                                            start: 44,
                                                                                                            end: 49,
                                                                                                        },
                                                                                                        value: Identifier(
                                                                                                            Name(
                                                                                                                "param",
                                                                                                            ),
                                                                                                        ),
                                                                                                    },
                                                                                                ),
                                                                                            },
                                                                                        ),
                                                                                    },
                                                                                ),
                                                                            },
                                                                        ),
                                                                    },
                                                                ),
                                                                argument: Expr(
                                                                    Spanned {
                                                                        span: Span {
                                                                            start: 52,
                                                                            end: 60,
                                                                        },
                                                                        value: Identifier(
                                                                            Name(
                                                                                "external",
                                                                            ),
                                                                        ),
                                                                    },
                                                                ),
                                                            },
                                                        ),
                                                    },
                                                ),
                                            },
                                        ),
                                    },
                                ),
                            },
                        ),
                    },
                ),
                inner: Expr(
                    Spanned {
                        span: Span {
                            start: 65,
                            end: 90,
                        },
                        value: Assign(
                            Assign {
                                name: Name(
                                    "external",
                                ),
                                value: Expr(
                                    Spanned {
                                        span: Span {
                                            start: 80,
                                            end: 81,
                                        },
                                        value: Primitive(
                                            Integer(
                                                Small(
                                                    2,
                                                ),
                                            ),
                                        ),
                                    },
                                ),
                                inner: Expr(
                                    Spanned {
                                        span: Span {
                                            start: 85,
                                            end: 90,
                                        },
                                        value: Apply(
                                            Apply {
                                                function: Expr(
                                                    Spanned {
                                                        span: Span {
                                                            start: 85,
                                                            end: 88,
                                                        },
                                                        value: Identifier(
                                                            Name(
                                                                "fun",
                                                            ),
                                                        ),
                                                    },
                                                ),
                                                argument: Expr(
                                                    Spanned {
                                                        span: Span {
                                                            start: 89,
                                                            end: 90,
                                                        },
                                                        value: Primitive(
                                                            Integer(
                                                                Small(
                                                                    3,
                                                                ),
                                                            ),
                                                        ),
                                                    },
                                                ),
                                            },
                                        ),
                                    },
                                ),
                            },
                        ),
                    },
                ),
            },
        ),
    },
)
