---
source: crates/e2e/tests/invalid_expressions.rs
description: let fun = (let one = 1 in fn param -> one + param + external) in let external = 2 in fun 3
expression: ast
---
Expr {
    span: Some(
        Span {
            start: 0,
            end: 90,
        },
    ),
    expression: Assign(
        Assign {
            name: Name(
                "fun",
            ),
            value: Expr {
                span: Some(
                    Span {
                        start: 11,
                        end: 60,
                    },
                ),
                expression: Assign(
                    Assign {
                        name: Name(
                            "one",
                        ),
                        value: Expr {
                            span: Some(
                                Span {
                                    start: 21,
                                    end: 22,
                                },
                            ),
                            expression: Primitive(
                                Integer(
                                    Small(
                                        1,
                                    ),
                                ),
                            ),
                        },
                        inner: Expr {
                            span: Some(
                                Span {
                                    start: 26,
                                    end: 60,
                                },
                            ),
                            expression: Function(
                                Function {
                                    parameter: Name(
                                        "param",
                                    ),
                                    body: Expr {
                                        span: Some(
                                            Span {
                                                start: 38,
                                                end: 60,
                                            },
                                        ),
                                        expression: Apply(
                                            Apply {
                                                function: Expr {
                                                    span: Some(
                                                        Span {
                                                            start: 38,
                                                            end: 60,
                                                        },
                                                    ),
                                                    expression: Apply(
                                                        Apply {
                                                            function: Expr {
                                                                span: Some(
                                                                    Span {
                                                                        start: 38,
                                                                        end: 60,
                                                                    },
                                                                ),
                                                                expression: Identifier(
                                                                    Operator(
                                                                        "+",
                                                                    ),
                                                                ),
                                                            },
                                                            argument: Expr {
                                                                span: Some(
                                                                    Span {
                                                                        start: 38,
                                                                        end: 49,
                                                                    },
                                                                ),
                                                                expression: Apply(
                                                                    Apply {
                                                                        function: Expr {
                                                                            span: Some(
                                                                                Span {
                                                                                    start: 38,
                                                                                    end: 49,
                                                                                },
                                                                            ),
                                                                            expression: Apply(
                                                                                Apply {
                                                                                    function: Expr {
                                                                                        span: Some(
                                                                                            Span {
                                                                                                start: 38,
                                                                                                end: 49,
                                                                                            },
                                                                                        ),
                                                                                        expression: Identifier(
                                                                                            Operator(
                                                                                                "+",
                                                                                            ),
                                                                                        ),
                                                                                    },
                                                                                    argument: Expr {
                                                                                        span: Some(
                                                                                            Span {
                                                                                                start: 38,
                                                                                                end: 41,
                                                                                            },
                                                                                        ),
                                                                                        expression: Identifier(
                                                                                            Name(
                                                                                                "one",
                                                                                            ),
                                                                                        ),
                                                                                    },
                                                                                },
                                                                            ),
                                                                        },
                                                                        argument: Expr {
                                                                            span: Some(
                                                                                Span {
                                                                                    start: 44,
                                                                                    end: 49,
                                                                                },
                                                                            ),
                                                                            expression: Identifier(
                                                                                Name(
                                                                                    "param",
                                                                                ),
                                                                            ),
                                                                        },
                                                                    },
                                                                ),
                                                            },
                                                        },
                                                    ),
                                                },
                                                argument: Expr {
                                                    span: Some(
                                                        Span {
                                                            start: 52,
                                                            end: 60,
                                                        },
                                                    ),
                                                    expression: Identifier(
                                                        Name(
                                                            "external",
                                                        ),
                                                    ),
                                                },
                                            },
                                        ),
                                    },
                                },
                            ),
                        },
                    },
                ),
            },
            inner: Expr {
                span: Some(
                    Span {
                        start: 65,
                        end: 90,
                    },
                ),
                expression: Assign(
                    Assign {
                        name: Name(
                            "external",
                        ),
                        value: Expr {
                            span: Some(
                                Span {
                                    start: 80,
                                    end: 81,
                                },
                            ),
                            expression: Primitive(
                                Integer(
                                    Small(
                                        2,
                                    ),
                                ),
                            ),
                        },
                        inner: Expr {
                            span: Some(
                                Span {
                                    start: 85,
                                    end: 90,
                                },
                            ),
                            expression: Apply(
                                Apply {
                                    function: Expr {
                                        span: Some(
                                            Span {
                                                start: 85,
                                                end: 88,
                                            },
                                        ),
                                        expression: Identifier(
                                            Name(
                                                "fun",
                                            ),
                                        ),
                                    },
                                    argument: Expr {
                                        span: Some(
                                            Span {
                                                start: 89,
                                                end: 90,
                                            },
                                        ),
                                        expression: Primitive(
                                            Integer(
                                                Small(
                                                    3,
                                                ),
                                            ),
                                        ),
                                    },
                                },
                            ),
                        },
                    },
                ),
            },
        },
    ),
}
