---
source: crates/e2e/tests/valid_programs.rs
description: 7 + 3 * 5 - 2
expression: ast
---
Expr {
    span: Some(
        Span {
            start: 0,
            end: 13,
        },
    ),
    expression: Apply(
        Apply {
            function: Expr {
                span: Some(
                    Span {
                        start: 0,
                        end: 13,
                    },
                ),
                expression: Apply(
                    Apply {
                        function: Expr {
                            span: Some(
                                Span {
                                    start: 0,
                                    end: 13,
                                },
                            ),
                            expression: Identifier(
                                Operator(
                                    "-",
                                ),
                            ),
                        },
                        argument: Expr {
                            span: Some(
                                Span {
                                    start: 0,
                                    end: 9,
                                },
                            ),
                            expression: Apply(
                                Apply {
                                    function: Expr {
                                        span: Some(
                                            Span {
                                                start: 0,
                                                end: 9,
                                            },
                                        ),
                                        expression: Apply(
                                            Apply {
                                                function: Expr {
                                                    span: Some(
                                                        Span {
                                                            start: 0,
                                                            end: 9,
                                                        },
                                                    ),
                                                    expression: Identifier(
                                                        Operator(
                                                            "+",
                                                        ),
                                                    ),
                                                },
                                                argument: Expr {
                                                    span: Some(
                                                        Span {
                                                            start: 0,
                                                            end: 1,
                                                        },
                                                    ),
                                                    expression: Primitive(
                                                        Integer(
                                                            Small(
                                                                7,
                                                            ),
                                                        ),
                                                    ),
                                                },
                                            },
                                        ),
                                    },
                                    argument: Expr {
                                        span: Some(
                                            Span {
                                                start: 4,
                                                end: 9,
                                            },
                                        ),
                                        expression: Apply(
                                            Apply {
                                                function: Expr {
                                                    span: Some(
                                                        Span {
                                                            start: 4,
                                                            end: 9,
                                                        },
                                                    ),
                                                    expression: Apply(
                                                        Apply {
                                                            function: Expr {
                                                                span: Some(
                                                                    Span {
                                                                        start: 4,
                                                                        end: 9,
                                                                    },
                                                                ),
                                                                expression: Identifier(
                                                                    Operator(
                                                                        "*",
                                                                    ),
                                                                ),
                                                            },
                                                            argument: Expr {
                                                                span: Some(
                                                                    Span {
                                                                        start: 4,
                                                                        end: 5,
                                                                    },
                                                                ),
                                                                expression: Primitive(
                                                                    Integer(
                                                                        Small(
                                                                            3,
                                                                        ),
                                                                    ),
                                                                ),
                                                            },
                                                        },
                                                    ),
                                                },
                                                argument: Expr {
                                                    span: Some(
                                                        Span {
                                                            start: 8,
                                                            end: 9,
                                                        },
                                                    ),
                                                    expression: Primitive(
                                                        Integer(
                                                            Small(
                                                                5,
                                                            ),
                                                        ),
                                                    ),
                                                },
                                            },
                                        ),
                                    },
                                },
                            ),
                        },
                    },
                ),
            },
            argument: Expr {
                span: Some(
                    Span {
                        start: 12,
                        end: 13,
                    },
                ),
                expression: Primitive(
                    Integer(
                        Small(
                            2,
                        ),
                    ),
                ),
            },
        },
    ),
}
